\set ECHO 0
 geoip_country_code 
--------------------
 CC
(1 row)

 begin_ip  |    end_ip     | country |   name    
-----------+---------------+---------+-----------
 78.44.0.0 | 78.45.255.255 | CC      | Country C
(1 row)

 geoip_country_code 
--------------------
 
(1 row)

 geoip_country_code 
--------------------
 
(1 row)

 geoip_country_code 
--------------------
 
(1 row)

 geoip_country_code 
--------------------
 
(1 row)

 geoip_country_code 
--------------------
 
(1 row)

 geoip_country_code 
--------------------
 
(1 row)

 geoip_city_location 
---------------------
               21235
(1 row)

 loc_id | country | region | city | postal_code | latitude | longitude | metro_code | area_code 
--------+---------+--------+------+-------------+----------+-----------+------------+-----------
  21235 | CZ      | 52     | A    |             |  50.0833 |   14.4667 |            |          
(1 row)

 geoip_city_location 
---------------------
                    
(1 row)

 loc_id | country | region | city | postal_code | latitude | longitude | metro_code | area_code 
--------+---------+--------+------+-------------+----------+-----------+------------+-----------
        |         |        |      |             |          |           |            |          
(1 row)

 geoip_city_location 
---------------------
                    
(1 row)

 loc_id | country | region | city | postal_code | latitude | longitude | metro_code | area_code 
--------+---------+--------+------+-------------+----------+-----------+------------+-----------
        |         |        |      |             |          |           |            |          
(1 row)

 geoip_city_location 
---------------------
                    
(1 row)

 loc_id | country | region | city | postal_code | latitude | longitude | metro_code | area_code 
--------+---------+--------+------+-------------+----------+-----------+------------+-----------
        |         |        |      |             |          |           |            |          
(1 row)

 begin_ip  |   end_ip    |        name         
-----------+-------------+---------------------
 1.11.64.0 | 1.11.95.255 | AS38091 CJ-CABLENET
(1 row)

 begin_ip | end_ip | name 
----------+--------+------
          |        | 
(1 row)

